[{"stream_name":"stderr","time":3.644819262,"data":"WARNING: Running pip as the 'root' user can result in broken permissions and conflicting behaviour with the system package manager, possibly rendering your system unusable. It is recommended to use a virtual environment instead: https://pip.pypa.io/warnings/venv. Use the --root-user-action option if you know what you are doing and want to suppress this warning.\n"}
,{"stream_name":"stdout","time":35.741991976,"data":"{\"event\": \"wheel\", \"path\": \"/kaggle/input/datasets/emberian64/hghost-jax-code-public/hghost_jax-0.1.6-py3-none-any.whl\"}\n"}
,{"stream_name":"stderr","time":40.24732402,"data":"/usr/local/lib/python3.12/site-packages/jax/_src/cloud_tpu_init.py:88: UserWarning: Transparent hugepages are not enabled. TPU runtime startup and shutdown time should be significantly improved on TPU v5e and newer. If not already set, you may need to enable transparent hugepages in your VM image (sudo sh -c \"echo always \u003e /sys/kernel/mm/transparent_hugepage/enabled\")\n"}
,{"stream_name":"stderr","time":40.24735749,"data":"  warnings.warn(\n"}
,{"stream_name":"stderr","time":46.998069171,"data":"WARNING: Logging before InitGoogle() is written to STDERR\n"}
,{"stream_name":"stderr","time":46.998107031,"data":"E0000 00:00:1788314693.847745       7 common_lib.cc:648] Could not set metric server port: INVALID_ARGUMENT: Could not find SliceBuilder port 8471 in any of the 0 ports provided in `tpu_process_addresses`=\"local\"\n"}
,{"stream_name":"stderr","time":46.998114551,"data":"=== Source Location Trace: ===\n"}
,{"stream_name":"stderr","time":46.998158711,"data":"learning/45eac/tfrc/runtime/common_lib.cc:238\n"}
,{"stream_name":"stdout","time":56.775513057,"data":"{\"event\": \"hardware\", \"jax\": \"0.10.2\", \"backend\": \"tpu\", \"device_count\": 8, \"device_kind\": \"TPU v5 lite\"}\n"}
,{"stream_name":"stdout","time":281.394999981,"data":"{\"event\": \"variant_step\", \"variant\": \"v1\", \"compile_seconds\": 185.41522170100006, \"temp_bytes\": 8434673152, \"first_loss\": 3.530761957168579, \"loss_delta_vs_first_variant\": 0.0, \"sync_step_seconds\": [3.2389638780000496, 1.2481005459999324, 1.2157756800000925], \"async_step_seconds\": 1.1931032399999972, \"tokens_per_second\": 219716.10771922857, \"mfu\": 0.0946489881351949, \"last_loss\": 3.4773881435394287}\n"}
,{"stream_name":"stdout","time":461.982423073,"data":"{\"event\": \"variant_step\", \"variant\": \"v2\", \"compile_seconds\": 163.7389471030001, \"temp_bytes\": 8489231872, \"first_loss\": 3.5307865142822266, \"loss_delta_vs_first_variant\": 2.4557113647460938e-05, \"sync_step_seconds\": [0.745501294000178, 0.7451326650000283, 0.7454772339999636], \"async_step_seconds\": 0.7294743051999982, \"tokens_per_second\": 359360.15584281425, \"mfu\": 0.15480464987161086, \"last_loss\": 3.4775214195251465}\n"}
,{"stream_name":"stdout","time":642.954737878,"data":"{\"event\": \"variant_step\", \"variant\": \"v2bf16\", \"compile_seconds\": 164.52279584500002, \"temp_bytes\": 8488748032, \"first_loss\": 3.5308029651641846, \"loss_delta_vs_first_variant\": 4.100799560546875e-05, \"sync_step_seconds\": [0.7271002800000588, 0.7263510799998585, 0.7265628499999366], \"async_step_seconds\": 0.7100406415333358, \"tokens_per_second\": 369195.76805335947, \"mfu\": 0.15904162072041134, \"last_loss\": 3.477482557296753}\n"}
,{"stream_name":"stdout","time":821.808712033,"data":"{\"event\": \"variant_step\", \"variant\": \"v2_dotsave\", \"compile_seconds\": 160.925386764, \"temp_bytes\": 21916372480, \"first_loss\": 3.530768871307373, \"loss_delta_vs_first_variant\": 6.9141387939453125e-06, \"sync_step_seconds\": [0.7957496889998765, 0.7957350990000123, 0.7970547079999051], \"async_step_seconds\": 0.7750550825333449, \"tokens_per_second\": 338226.2834057628, \"mfu\": 0.1457006307702833, \"last_loss\": 3.4775562286376953}\n"}
,{"stream_name":"stdout","time":838.522760169,"data":"{\"event\": \"component\", \"name\": \"ssd_v1_fwd_bwd\", \"first_call_seconds\": 13.335921632000009, \"seconds\": 0.02442792950000694}\n"}
,{"stream_name":"stdout","time":840.287985888,"data":"{\"event\": \"component\", \"name\": \"ssd_v2_fwd_bwd\", \"first_call_seconds\": 1.6759406480000507, \"seconds\": 0.007241860199997063}\n"}
,{"stream_name":"stdout","time":842.265290535,"data":"{\"event\": \"component\", \"name\": \"ssd_v2bf16_fwd_bwd\", \"first_call_seconds\": 1.8988306549999834, \"seconds\": 0.006392762299992682}\n"}
,{"stream_name":"stdout","time":842.272990994,"data":"{\"event\": \"complete\", \"v1\": 219716.10771922857, \"v2\": 359360.15584281425, \"v2bf16\": 369195.76805335947, \"v2_dotsave\": 338226.2834057628}\n"}
,{"stream_name":"stdout","time":842.273004274,"data":"TPU_H1JAX_SSD_BENCH_OK\n"}
,{"stream_name":"stderr","time":853.62498375,"data":"[NbConvertApp] Converting notebook __script__.ipynb to html\n"}
,{"stream_name":"stderr","time":856.127806444,"data":"[NbConvertApp] Writing 338087 bytes to __results__.html\n"}
]